Load Map - Tue Apr 02 16:20:02 BST 2019

Main class:       RBv2019
Classes:          62
Interfaces:       7
Methods:          161
Constants:        89
Instance fields:  98
Static fields:    27
Static data size: 123
Code size:        8267
Start address:    8000
End address:      a04a

80f6 80f7 java.lang.Object.<init>()
80fc 810f java.lang.Object.getClass()
8119 812d java.lang.Object.clone()
8137 815b java.lang.Object.toString()
8242 8253 java.lang.Thread.run()
8258 825e java.lang.Thread.setName(java.lang.String)
8262 828d java.lang.Thread.sleep(long)
8291 8296 java.lang.Thread.<clinit>()
82a4 82aa java.lang.Thread.<init>()
82ae 82c6 java.lang.Thread.<init>(java.lang.Runnable)
82ca 82e9 java.lang.Thread.<init>(java.lang.Runnable, java.lang.String)
82f3 8323 java.lang.Thread.toString()
832d 8332 java.lang.Thread.getName()
838c 83cb com.ridgesoft.intellibrain.StartupThread.run()
8417 8421 java.lang.String.createString(byte[])
8425 8434 java.lang.String.<init>(byte[], int)
8438 8449 java.lang.String.<init>()
844d 8462 java.lang.String.<init>(byte[])
8467 8472 java.lang.String.getBytes()
8477 847d java.lang.String.length()
8482 84a4 java.lang.String.getBytes(int, int, byte[], int)
84a8 84d8 java.lang.String.<init>(char[], int, int)
84dc 8506 java.lang.String.<init>(byte[], int, int)
850a 850f java.lang.String.valueOf(java.lang.Object)
8514 8516 java.lang.String.toString()
85aa 86a8 java.lang.Throwable.vmThrow(int)
86b4 86d9 java.lang.Throwable.<init>()
86e6 878b java.lang.Throwable.printStackTrace()
878f 87b6 java.lang.Throwable.<clinit>()
87bf 87c7 java.lang.Throwable.init()
87d3 8815 java.lang.Throwable.<init>(java.lang.String)
88bb 88c5 java.lang.InternalError.<init>()
88c9 88d4 java.lang.InternalError.<init>(java.lang.String)
8903 890d java.lang.OutOfMemoryError.<init>()
8911 891c java.lang.OutOfMemoryError.<init>(java.lang.String)
894d 8957 java.lang.StackOverflowError.<init>()
895b 8966 java.lang.StackOverflowError.<init>(java.lang.String)
8d38 8da8 RBv2019.main(java.lang.String[])
8dac 8dde RBv2019.navigateRightState()
8de2 8e03 RBv2019.getDistance(com.ridgesoft.robotics.RangeFinder)
8e07 8e27 RBv2019.rotateAngle(int)
8e2b 8e42 RBv2019.move(int, int)
8e4e 8e5c RBv2019.wait(int)
8e60 8e74 RBv2019.rotate(int)
8e78 8e89 RBv2019.stop()
8ebd 8ed3 java.io.OutputStream.write(byte[])
8edd 8ede java.io.OutputStream.flush()
8ee3 8f01 java.io.OutputStream.write(byte[], int, int)
8f3c 8f46 java.io.FilterOutputStream.<init>(java.io.OutputStream)
8f4b 8f54 java.io.FilterOutputStream.write(byte[])
8f59 8f62 java.io.FilterOutputStream.write(int)
8f67 8f6f java.io.FilterOutputStream.flush()
8f74 8f7f java.io.FilterOutputStream.write(byte[], int, int)
8fb2 8fbd java.io.PrintStream.<init>(java.io.OutputStream)
8fc2 8fcc java.io.PrintStream.println(java.lang.String)
8fd9 8ff0 java.io.PrintStream.print(java.lang.String)
8ffd 9017 java.io.PrintStream.println()
9051 9060 com.ridgesoft.io.OutputStreamTee.<init>(java.io.OutputStream, java.io.OutputStream)
9074 908d com.ridgesoft.io.OutputStreamTee.write(byte[])
90a1 90ba com.ridgesoft.io.OutputStreamTee.write(int)
90ce 90e5 com.ridgesoft.io.OutputStreamTee.flush()
90f9 9116 com.ridgesoft.io.OutputStreamTee.write(byte[], int, int)
9165 91c8 com.ridgesoft.io.DisplayOutputStream.<init>(com.ridgesoft.io.Display)
91cc 91d9 com.ridgesoft.io.DisplayOutputStream.<clinit>()
91de 91e7 com.ridgesoft.io.DisplayOutputStream.write(byte[])
91ec 9239 com.ridgesoft.io.DisplayOutputStream.write(int)
923e 926a com.ridgesoft.io.DisplayOutputStream.flush()
926f 927b com.ridgesoft.io.DisplayOutputStream.write(byte[], int, int)
927f 92fd com.ridgesoft.io.DisplayOutputStream.scroll()
9346 934b com.ridgesoft.vm.DebugOutputStream.<clinit>()
9350 9359 com.ridgesoft.vm.DebugOutputStream.write(byte[])
935e 93a7 com.ridgesoft.vm.DebugOutputStream.write(int)
93b4 93d5 com.ridgesoft.vm.DebugOutputStream.flush()
93da 93e6 com.ridgesoft.vm.DebugOutputStream.write(byte[], int, int)
9409 940d com.ridgesoft.vm.VM.getDebugOutputStream()
941b 942a com.ridgesoft.vm.VM.<clinit>()
9433 9442 com.ridgesoft.vm.VM.isSet(int, int)
9483 949a com.ridgesoft.intellibrain.IntelliBrain.getOutputStream()
949e 94e1 com.ridgesoft.intellibrain.IntelliBrain.getServo(int)
94e5 957a com.ridgesoft.intellibrain.IntelliBrain.getDigitalIO(int)
957e 9592 com.ridgesoft.intellibrain.IntelliBrain.getLcdDisplay()
9596 9651 com.ridgesoft.intellibrain.IntelliBrain.getPinPortData(byte)
9655 965c com.ridgesoft.intellibrain.IntelliBrain.<clinit>()
9668 970e com.ridgesoft.intellibrain.IntelliBrain.initialize()
973f 9744 java.lang.System.setOut(java.io.PrintStream)
9748 974d java.lang.System.setErr(java.io.PrintStream)
97bc 97d0 ContinuousRotationServo.<init>(com.ridgesoft.robotics.Servo, boolean, int)
97d5 9818 ContinuousRotationServo.setPower(int)
981d 9827 ContinuousRotationServo.stop()
988c 989e com.ridgesoft.robotics.SonarRangeFinder.getDistanceCm()
98da 98ee com.ridgesoft.robotics.sensors.ParallaxPing.<init>(com.ridgesoft.robotics.PulseInput)
98f3 9902 com.ridgesoft.robotics.sensors.ParallaxPing.ping()
9907 9922 com.ridgesoft.robotics.sensors.ParallaxPing.getEchoDelay()
995d 9962 java.lang.Class.getName()
9966 9970 java.lang.Class.<init>(java.lang.String)
99d8 99f3 java.lang.StringBuilder.<init>(java.lang.String)
99f8 9a21 java.lang.StringBuilder.append(java.lang.String)
9a26 9a37 java.lang.StringBuilder.toString()
9a3c 9a75 java.lang.StringBuilder.ensureCapacity(int)
9a7a 9ad5 java.lang.StringBuilder.append(int)
9ada 9b07 java.lang.StringBuilder.append(char[], int, int)
9b0b 9b1d java.lang.StringBuilder.<init>()
9b22 9b34 java.lang.StringBuilder.append(boolean)
9b5b 9b9f java.lang.Integer.toHexString(int)
9ba4 9bac java.lang.Integer.toString()
9bb0 9bbf java.lang.Integer.toString(int)
9bfb 9c06 com.ridgesoft.intellibrain.IntelliBrainServo.<init>(int)
9c0b 9c14 com.ridgesoft.intellibrain.IntelliBrainServo.off()
9c19 9c22 com.ridgesoft.intellibrain.IntelliBrainServo.setPosition(int)
9c9d 9cac com.ridgesoft.intellibrain.IntelliBrainPinPort.<init>(com.ridgesoft.intellibrain.IntelliBrainPinPortData)
9d25 9d35 com.ridgesoft.intellibrain.IntelliBrainDigitalIO.<init>(com.ridgesoft.intellibrain.IntelliBrainPinPortData, boolean)
9d3a 9d73 com.ridgesoft.intellibrain.IntelliBrainDigitalIO.enablePulseMeasurement(boolean)
9d7d 9d85 com.ridgesoft.intellibrain.IntelliBrainDigitalIO.toString()
9d8a 9db5 com.ridgesoft.intellibrain.IntelliBrainDigitalIO.isSet()
9dba 9de5 com.ridgesoft.intellibrain.IntelliBrainDigitalIO.pulse(int)
9def 9e04 com.ridgesoft.intellibrain.IntelliBrainDigitalIO.readPulseDuration()
9e46 9e52 com.ridgesoft.intellibrain.IntelliBrainExpDigitalIO.<init>(com.ridgesoft.intellibrain.IntelliBrainPinPortData)
9edd 9ee2 com.ridgesoft.io.Display.getWidth()
9ee7 9eec com.ridgesoft.io.Display.getHeight()
9ef0 9f01 com.ridgesoft.io.Display.<init>(int, int)
9f06 9f3a com.ridgesoft.io.Display.print(int, byte[])
9f74 9f7c com.ridgesoft.intellibrain.IntelliBrainDisplay.<init>()
9f81 9f88 com.ridgesoft.intellibrain.IntelliBrainDisplay.printChar(int, int, byte)
9fe8 a008 com.ridgesoft.intellibrain.IntelliBrainPinPortData.<init>(byte, short, short, short, byte)
a02f a03e java.lang.Boolean.toString(boolean)
a043 a04b java.lang.Boolean.toString()
